2025-10-27 16:04:51,247 - app.routes.admin - INFO - Загружены локальные данные DNS: 252 товаров из 10 категорий
2025-10-27 16:04:51,443 - app.routes.admin - ERROR - Ошибка чтения категории Citilink ventilyatory-dlya-korpusa: Expecting value: line 2 column 1 (char 2)
2025-10-27 16:04:52,047 - app.routes.admin - ERROR - Ошибка чтения файла Citilink C:\Users\lime_\Desktop\DIP\new_pccon\app\utils\Citi_parser\data\ventilyatory-dlya-korpusa\Товары.json: Expecting value: line 2 column 1 (char 2)
2025-10-27 16:06:25,312 - app.routes.admin - INFO - Загружены локальные данные DNS: 273 товаров из 13 категорий
2025-10-27 16:06:25,450 - app.routes.admin - ERROR - Ошибка чтения категории Citilink ventilyatory-dlya-korpusa: Expecting value: line 2 column 1 (char 2)
2025-10-27 16:06:25,865 - app.routes.admin - ERROR - Ошибка чтения файла Citilink C:\Users\lime_\Desktop\DIP\new_pccon\app\utils\Citi_parser\data\ventilyatory-dlya-korpusa\Товары.json: Expecting value: line 2 column 1 (char 2)
2025-10-27 16:08:48,270 - app.routes.admin - INFO - Загружены локальные данные DNS: 273 товаров из 13 категорий
2025-10-27 16:08:48,409 - app.routes.admin - ERROR - Ошибка чтения категории Citilink ventilyatory-dlya-korpusa: Expecting value: line 2 column 1 (char 2)
2025-10-27 16:08:48,884 - app.routes.admin - ERROR - Ошибка чтения файла Citilink C:\Users\lime_\Desktop\DIP\new_pccon\app\utils\Citi_parser\data\ventilyatory-dlya-korpusa\Товары.json: Expecting value: line 2 column 1 (char 2)
2025-10-27 16:09:04,496 - app.routes.admin - INFO - Загружены локальные данные DNS: 273 товаров из 13 категорий
2025-10-27 16:09:04,603 - app.routes.admin - ERROR - Ошибка чтения категории Citilink ventilyatory-dlya-korpusa: Expecting value: line 2 column 1 (char 2)
2025-10-27 16:09:05,029 - app.routes.admin - ERROR - Ошибка чтения файла Citilink C:\Users\lime_\Desktop\DIP\new_pccon\app\utils\Citi_parser\data\ventilyatory-dlya-korpusa\Товары.json: Expecting value: line 2 column 1 (char 2)
2025-10-27 16:09:17,527 - app.routes.admin - INFO - Created .env file with category: zhestkie-diski
2025-10-27 16:09:17,530 - app.routes.admin - INFO - === ЗАПУСК ПАРСЕРА CITILINK ===
2025-10-27 16:09:17,530 - app.routes.admin - INFO - Категория: zhestkie-diski
2025-10-27 16:09:17,531 - app.routes.admin - INFO - Citilink parser started in background for category: zhestkie-diski
2025-10-27 16:09:17,531 - app.routes.admin - INFO - Время запуска: 2025-10-27 16:09:17
2025-10-27 16:09:17,535 - app.routes.admin - INFO - Запуск процесса парсинга...
2025-10-27 16:09:17,558 - app.routes.admin - INFO - Загружены локальные данные DNS: 273 товаров из 13 категорий
2025-10-27 16:09:17,697 - app.routes.admin - ERROR - Ошибка чтения категории Citilink ventilyatory-dlya-korpusa: Expecting value: line 2 column 1 (char 2)
2025-10-27 16:09:18,192 - app.routes.admin - ERROR - Ошибка чтения файла Citilink C:\Users\lime_\Desktop\DIP\new_pccon\app\utils\Citi_parser\data\ventilyatory-dlya-korpusa\Товары.json: Expecting value: line 2 column 1 (char 2)
2025-10-27 16:09:38,960 - app.routes.admin - INFO - Парсер завершился с кодом: 0
2025-10-27 16:09:38,960 - app.routes.admin - ERROR - Ошибки парсера:
2025-10-27 16:09:17,937 - INFO - \U0001f504 Прокси включены через переменную окружения USE_PROXY=true
2025-10-27 16:09:17,951 - INFO - \U0001f9ea Тестируем все прокси...
2025-10-27 16:09:17,952 - INFO - Тестируем прокси 1/3: 194.156.0.61:64604
2025-10-27 16:09:20,481 - WARNING - \u274c Прокси 194.156.0.61:64604 не работает: HTTPSConnectionPool(host='httpbin.org', port=443): Max retries exceeded with url: /ip (Caused by ProxyError('Unable to connect to proxy', NewConnectionError('<urllib3.connection.HTTPSConnection object at 0x000001C189E14E30>: Failed to establish a new connection: [WinError 10061] Подключение не установлено, т.к. конечный компьютер отверг запрос на подключение')))
2025-10-27 16:09:20,481 - INFO - Тестируем прокси 2/3: 45.140.64.215:62474
2025-10-27 16:09:22,952 - WARNING - \u274c Прокси 45.140.64.215:62474 не работает: HTTPSConnectionPool(host='httpbin.org', port=443): Max retries exceeded with url: /ip (Caused by ProxyError('Unable to connect to proxy', NewConnectionError('<urllib3.connection.HTTPSConnection object at 0x000001C189E153D0>: Failed to establish a new connection: [WinError 10061] Подключение не установлено, т.к. конечный компьютер отверг запрос на подключение')))
2025-10-27 16:09:22,952 - INFO - Тестируем прокси 3/3: 91.191.184.244:63478
2025-10-27 16:09:25,427 - WARNING - \u274c Прокси 91.191.184.244:63478 не работает: HTTPSConnectionPool(host='httpbin.org', port=443): Max retries exceeded with url: /ip (Caused by ProxyError('Unable to connect to proxy', NewConnectionError('<urllib3.connection.HTTPSConnection object at 0x000001C189E15940>: Failed to establish a new connection: [WinError 10061] Подключение не установлено, т.к. конечный компьютер отверг запрос на подключение')))
2025-10-27 16:09:25,427 - INFO - \U0001f4ca Результат: 0/3 прокси работают
2025-10-27 16:09:25,427 - INFO - Начало парсинга категории: zhestkie-diski
2025-10-27 16:09:25,432 - INFO - Обработка страницы продукта №1
2025-10-27 16:09:25,432 - INFO - Используем прокси: 194.156.0.61:64604
2025-10-27 16:09:25,432 - INFO - Отправка запроса к https://www.citilink.ru/graphql/, для получения данных об всех продуктов
2025-10-27 16:09:27,941 - WARNING - Ошибка соединения: HTTPSConnectionPool(host='www.citilink.ru', port=443): Max retries exceeded with url: /graphql/ (Caused by ProxyError('Unable to connect to proxy', NewConnectionError('<urllib3.connection.HTTPSConnection object at 0x000001C189E14FE0>: Failed to establish a new connection: [WinError 10061] Подключение не установлено, т.к. конечный компьютер отверг запрос на подключение')))
2025-10-27 16:09:27,941 - INFO - \U0001f504 Переключаемся на следующий прокси
2025-10-27 16:09:27,941 - INFO - Повторная попытка через 3 секунды... (попытка 1/3)
2025-10-27 16:09:30,942 - INFO - Отправка запроса к https://www.citilink.ru/graphql/, для получения данных об всех продуктов
2025-10-27 16:09:33,418 - WARNING - Ошибка соединения: HTTPSConnectionPool(host='www.citilink.ru', port=443): Max retries exceeded with url: /graphql/ (Caused by ProxyError('Unable to connect to proxy', NewConnectionError('<urllib3.connection.HTTPSConnection object at 0x000001C189E15B20>: Failed to establish a new connection: [WinError 10061] Подключение не установлено, т.к. конечный компьютер отверг запрос на подключение')))
2025-10-27 16:09:33,418 - INFO - \U0001f504 Переключаемся на следующий прокси
2025-10-27 16:09:33,418 - INFO - Повторная попытка через 3 секунды... (попытка 2/3)
2025-10-27 16:09:36,433 - INFO - Отправка запроса к https://www.citilink.ru/graphql/, для получения данных об всех продуктов
2025-10-27 16:09:38,912 - WARNING - Ошибка соединения: HTTPSConnectionPool(host='www.citilink.ru', port=443): Max retries exceeded with url: /graphql/ (Caused by ProxyError('Unable to connect to proxy', NewConnectionError('<urllib3.connection.HTTPSConnection object at 0x000001C189E16240>: Failed to establish a new connection: [WinError 10061] Подключение не установлено, т.к. конечный компьютер отверг запрос на подключение')))
2025-10-27 16:09:38,912 - INFO - \U0001f504 Переключаемся на следующий прокси
2025-10-27 16:09:38,912 - ERROR - Ошибка при обработке страницы 1: Не удалось выполнить запрос после 3 попыток
2025-10-27 16:09:38,912 - WARNING - Не удалось получить товары для категории zhestkie-diski
2025-10-27 16:09:38,912 - INFO - Также создан объединенный файл 'Товары.json' для совместимости

2025-10-27 16:09:38,961 - app.routes.admin - INFO - Начинаем автоматический импорт товаров...
2025-10-27 16:09:40,727 - app.routes.admin - INFO - Автоматический импорт товаров завершен успешно
