2026-04-24 11:57:02,784 - app.routes.admin - INFO - Загружены локальные данные DNS: 99 товаров из 2 категорий
2026-04-24 11:57:06,805 - app.routes.admin - INFO - Файл с товарами Citilink парсера очищен
2026-04-24 11:57:06,809 - app.routes.admin - INFO - Файл с отзывами Citilink парсера очищен
2026-04-24 11:57:06,812 - app.routes.admin - INFO - Файл Товары.json в категории bloki-pitaniya очищен
2026-04-24 11:57:06,818 - app.routes.admin - INFO - Файл Отзывы.json в категории bloki-pitaniya очищен
2026-04-24 11:57:06,822 - app.routes.admin - INFO - Файл Обзоры.json в категории bloki-pitaniya очищен
2026-04-24 11:57:06,825 - app.routes.admin - INFO - Файл Товары.json в категории korpusa очищен
2026-04-24 11:57:06,828 - app.routes.admin - INFO - Файл Отзывы.json в категории korpusa очищен
2026-04-24 11:57:06,835 - app.routes.admin - INFO - Файл Обзоры.json в категории korpusa очищен
2026-04-24 11:57:06,838 - app.routes.admin - INFO - Файл Товары.json в категории materinskie-platy очищен
2026-04-24 11:57:06,841 - app.routes.admin - INFO - Файл Отзывы.json в категории materinskie-platy очищен
2026-04-24 11:57:06,844 - app.routes.admin - INFO - Файл Обзоры.json в категории materinskie-platy очищен
2026-04-24 11:57:06,851 - app.routes.admin - INFO - Файл Товары.json в категории moduli-pamyati очищен
2026-04-24 11:57:06,853 - app.routes.admin - INFO - Файл Отзывы.json в категории moduli-pamyati очищен
2026-04-24 11:57:06,857 - app.routes.admin - INFO - Файл Обзоры.json в категории moduli-pamyati очищен
2026-04-24 11:57:06,859 - app.routes.admin - INFO - Файл Товары.json в категории processory очищен
2026-04-24 11:57:06,862 - app.routes.admin - INFO - Файл Отзывы.json в категории processory очищен
2026-04-24 11:57:06,867 - app.routes.admin - INFO - Файл Обзоры.json в категории processory очищен
2026-04-24 11:57:06,870 - app.routes.admin - INFO - Файл Товары.json в категории ventilyatory-dlya-korpusa очищен
2026-04-24 11:57:06,873 - app.routes.admin - INFO - Файл Отзывы.json в категории ventilyatory-dlya-korpusa очищен
2026-04-24 11:57:06,876 - app.routes.admin - INFO - Файл Обзоры.json в категории ventilyatory-dlya-korpusa очищен
2026-04-24 11:57:06,879 - app.routes.admin - INFO - Файл Товары.json в категории videokarty очищен
2026-04-24 11:57:06,882 - app.routes.admin - INFO - Файл Отзывы.json в категории videokarty очищен
2026-04-24 11:57:06,886 - app.routes.admin - INFO - Файл Обзоры.json в категории videokarty очищен
2026-04-24 11:57:06,888 - app.routes.admin - INFO - Файл Товары.json в категории zhestkie-diski очищен
2026-04-24 11:57:06,891 - app.routes.admin - INFO - Файл Отзывы.json в категории zhestkie-diski очищен
2026-04-24 11:57:06,898 - app.routes.admin - INFO - Файл Обзоры.json в категории zhestkie-diski очищен
2026-04-24 11:57:07,135 - app.routes.admin - INFO - Загружены локальные данные DNS: 99 товаров из 2 категорий
2026-04-24 12:27:44,326 - app.routes.admin - INFO - Загружены локальные данные DNS: 99 товаров из 2 категорий
2026-04-24 12:27:54,111 - app.routes.admin - INFO - Файл с товарами Citilink парсера очищен
2026-04-24 12:27:54,113 - app.routes.admin - INFO - Файл с отзывами Citilink парсера очищен
2026-04-24 12:27:54,117 - app.routes.admin - INFO - Файл Товары.json в категории videokarty очищен
2026-04-24 12:27:54,118 - app.routes.admin - INFO - Файл Отзывы.json в категории videokarty очищен
2026-04-24 12:27:54,126 - app.routes.admin - INFO - Файл Обзоры.json в категории videokarty очищен
2026-04-24 12:27:54,453 - app.routes.admin - INFO - Загружены локальные данные DNS: 99 товаров из 2 категорий
2026-04-24 12:27:59,290 - app.routes.admin - INFO - Загружены локальные данные DNS: 99 товаров из 2 категорий
2026-04-24 12:28:04,297 - app.routes.admin - INFO - Created .env file with category: videokarty
2026-04-24 12:28:04,302 - app.routes.admin - INFO - === ЗАПУСК ПАРСЕРА CITILINK ===
2026-04-24 12:28:04,305 - app.routes.admin - INFO - Citilink parser started in background for category: videokarty
2026-04-24 12:28:04,305 - app.routes.admin - INFO - Категория: videokarty
2026-04-24 12:28:04,315 - app.routes.admin - INFO - Время запуска: 2026-04-24 12:28:04
2026-04-24 12:28:04,315 - app.routes.admin - INFO - Запуск процесса парсинга...
2026-04-24 12:28:04,628 - app.routes.admin - INFO - Загружены локальные данные DNS: 99 товаров из 2 категорий
2026-04-24 12:28:05,420 - app.routes.admin - ERROR - Ошибка чтения файла Citilink C:\Users\lime_\Desktop\DIP\new_pccon\app\utils\Citi_parser\data\videokarty\Товары.json: Expecting value: line 2 column 1 (char 2)
2026-04-24 12:35:22,791 - app.routes.admin - INFO - Парсер завершился с кодом: 0
2026-04-24 12:35:22,791 - app.routes.admin - ERROR - Ошибки парсера:
2026-04-24 12:28:05,096 - INFO - \u2139\ufe0f  Прокси отключены. Для включения установите USE_PROXY=true в .env файле
2026-04-24 12:28:05,096 - INFO - \u2139\ufe0f  Или используйте команду: python -c "from request_handler import enable_proxy; enable_proxy()"
2026-04-24 12:28:05,097 - INFO - Начало парсинга категории: videokarty
2026-04-24 12:28:05,097 - INFO - Лимит товаров не задан (без ограничения)
2026-04-24 12:28:05,100 - INFO - Обработка страницы продукта №1
2026-04-24 12:28:05,100 - INFO - Отправка запроса к https://www.citilink.ru/graphql/, для получения данных об всех продуктов
2026-04-24 12:28:07,448 - INFO - Запрос успешно выполнен
2026-04-24 12:28:07,468 - INFO - Обработка продукта ID: 2086893
2026-04-24 12:28:09,082 - INFO - Отправка запроса к https://www.citilink.ru/graphql/, для получения данных об характеристик товара ID: 2086893
2026-04-24 12:28:11,032 - INFO - Запрос успешно выполнен
2026-04-24 12:28:11,037 - INFO - Отправка запроса к https://www.citilink.ru/graphql/, для получения данных об документов товара ID: 2086893
2026-04-24 12:28:13,739 - INFO - Запрос успешно выполнен
2026-04-24 12:28:13,739 - INFO - Отправка запроса к https://www.citilink.ru/graphql/, для получения данных об рейтинга товара ID: 2086893
2026-04-24 12:28:15,358 - INFO - Запрос успешно выполнен
2026-04-24 12:28:15,362 - INFO - Продукт 2086893 успешно обработан
2026-04-24 12:28:16,369 - INFO - Обработка продукта ID: 2164815
2026-04-24 12:28:18,957 - INFO - Отправка запроса к https://www.citilink.ru/graphql/, для получения данных об характеристик товара ID: 2164815
2026-04-24 12:28:20,749 - INFO - Запрос успешно выполнен
2026-04-24 12:28:20,754 - INFO - Отправка запроса к https://www.citilink.ru/graphql/, для получения данных об документов товара ID: 2164815
2026-04-24 12:28:22,193 - INFO - Запрос успешно выполнен
2026-04-24 12:28:22,196 - INFO - Отправка запроса к https://www.citilink.ru/graphql/, для получения данных об рейтинга товара ID: 2164815
2026-04-24 12:28:23,653 - INFO - Запрос успешно выполнен
2026-04-24 12:28:23,658 - INFO - Продукт 2164815 успешно обработан
2026-04-24 12:28:24,662 - INFO - Обработка продукта ID: 2101460
2026-04-24 12:28:27,162 - INFO - Отправка запроса к https://www.citilink.ru/graphql/, для получения данных об характеристик товара ID: 2101460
2026-04-24 12:28:28,672 - INFO - Запрос успешно выполнен
2026-04-24 12:28:28,675 - INFO - Отправка запроса к https://www.citilink.ru/graphql/, для получения данных об документов товара ID: 2101460
2026-04-24 12:28:30,440 - INFO - Запрос успешно выполнен
2026-04-24 12:28:30,440 - INFO - Отправка запроса к https://www.citilink.ru/graphql/, для получения данных об рейтинга товара ID: 2101460
2026-04-24 12:28:31,947 - INFO - Запрос успешно выполнен
2026-04-24 12:28:31,955 - INFO - Продукт 2101460 успешно обработан
2026-04-24 12:28:32,955 - INFO - Обработка продукта ID: 2083406
2026-04-24 12:28:37,085 - INFO - Отправка запроса к https://www.citilink.ru/graphql/, для получения данных об характеристик товара ID: 2083406
2026-04-24 12:28:38,842 - INFO - Запрос успешно выполнен
2026-04-24 12:28:38,847 - INFO - Отправка запроса к https://www.citilink.ru/graphql/, для получения данных об документов товара ID: 2083406
2026-04-24 12:28:40,342 - INFO - Запрос успешно выполнен
2026-04-24 12:28:40,344 - INFO - Отправка запроса к https://www.citilink.ru/graphql/, для получения данных об рейтинга товара ID: 2083406
2026-04-24 12:28:41,970 - INFO - Запрос успешно выполнен
2026-04-24 12:28:41,982 - INFO - Продукт 2083406 успешно обработан
2026-04-24 12:28:42,983 - INFO - Обработка продукта ID: 2092142
2026-04-24 12:28:45,894 - INFO - Отправка запроса к https://www.citilink.ru/graphql/, для получения данных об характеристик товара ID: 2092142
2026-04-24 12:28:47,478 - INFO - Запрос успешно выполнен
2026-04-24 12:28:47,483 - INFO - Отправка запроса к https://www.citilink.ru/graphql/, для получения данных об документов товара ID: 2092142
2026-04-24 12:28:48,974 - INFO - Запрос успешно выполнен
2026-04-24 12:28:48,979 - INFO - Отправка запроса к https://www.citilink.ru/graphql/, для получения данных об рейтинга товара ID: 2092142
2026-04-24 12:28:50,477 - INFO - Запрос успешно выполнен
2026-04-24 12:28:50,488 - INFO - Продукт 2092142 успешно обработан
2026-04-24 12:28:51,491 - INFO - Обработка продукта ID: 2011706
2026-04-24 12:28:53,779 - INFO - Отправка запроса к https://www.citilink.ru/graphql/, для получения данных об характеристик товара ID: 2011706
2026-04-24 12:28:55,164 - INFO - Запрос успешно выполнен
2026-04-24 12:28:55,168 - INFO - Отправка запроса к https://www.citilink.ru/graphql/, для получения данных об документов товара ID: 2011706
2026-04-24 12:28:56,638 - INFO - Запрос успешно выполнен
2026-04-24 12:28:56,642 - INFO - Отправка запроса к https://www.citilink.ru/graphql/, для получения данных об рейтинга товара ID: 2011706
2026-04-24 12:28:58,980 - INFO - Запрос успешно выполнен
2026-04-24 12:28:58,989 - INFO - Продукт 2011706 успешно обработан
2026-04-24 12:28:59,991 - INFO - Обработка продукта ID: 1924640
2026-04-24 12:29:02,799 - INFO - Отправка запроса к https://www.citilink.ru/graphql/, для получения данных об характеристик товара ID: 1924640
2026-04-24 12:29:04,321 - INFO - Запрос успешно выполнен
2026-04-24 12:29:04,325 - INFO - Отправка запроса к https://www.citilink.ru/graphql/, для получения данных об документов товара ID: 1924640
2026-04-24 12:29:05,951 - INFO - Запрос успешно выполнен
2026-04-24 12:29:05,953 - INFO - Отправка запроса к https://www.citilink.ru/graphql/, для получения данных об рейтинга товара ID: 1924640
2026-04-24 12:29:07,441 - INFO - Запрос успешно выполнен
2026-04-24 12:29:07,452 - INFO - Продукт 1924640 успешно обработан
2026-04-24 12:29:08,454 - INFO - Обработка продукта ID: 2078386
2026-04-24 12:29:12,035 - INFO - Отправка запроса к https://www.citilink.ru/graphql/, для получения данных об характеристик товара ID: 2078386
2026-04-24 12:29:13,733 - INFO - Запрос успешно выполнен
2026-04-24 12:29:13,733 - INFO - Отправка запроса к https://www.citilink.ru/graphql/, для получения данных об документов товара ID: 2078386
2026-04-24 12:29:15,674 - INFO - Запрос успешно выполнен
2026-04-24 12:29:15,680 - INFO - Отправка запроса к https://www.citilink.ru/graphql/, для получения данных об рейтинга товара ID: 2078386
2026-04-24 12:29:17,311 - INFO - Запрос успешно выполнен
2026-04-24 12:29:17,325 - INFO - Продукт 2078386 успешно обработан
2026-04-24 12:29:18,326 - INFO - Обработка продукта ID: 2058980
2026-04-24 12:29:21,126 - INFO - Отправка запроса к https://www.citilink.ru/graphql/, для получения данных об характеристик товара ID: 2058980
2026-04-24 12:29:22,519 - INFO - Запрос успешно выполнен
2026-04-24 12:29:22,522 - INFO - Отправка запроса к https://www.citilink.ru/graphql/, для получения данных об документов товара ID: 2058980
2026-04-24 12:29:24,029 - INFO - Запрос успешно выполнен
2026-04-24 12:29:24,032 - INFO - Отправка запроса к https://www.citilink.ru/graphql/, для получения данных об рейтинга товара ID: 2058980
2026-04-24 12:29:25,493 - INFO - Запрос успешно выполнен
2026-04-24 12:29:25,502 - INFO - Продукт 2058980 успешно обработан
2026-04-24 12:29:26,504 - INFO - Обработка продукта ID: 2139202
2026-04-24 12:29:28,780 - INFO - Отправка запроса к https://www.citilink.ru/graphql/, для получения данных об характеристик товара ID: 2139202
2026-04-24 12:29:30,872 - INFO - Запрос успешно выполнен
2026-04-24 12:29:30,875 - INFO - Отправка запроса к https://www.citilink.ru/graphql/, для получения данных об документов товара ID: 2139202
2026-04-24 12:29:32,673 - INFO - Запрос успешно выполнен
2026-04-24 12:29:32,676 - INFO - Отправка запроса к https://www.citilink.ru/graphql/, для получения данных об рейтинга товара ID: 2139202
2026-04-24 12:29:34,439 - INFO - Запрос успешно выполнен
2026-04-24 12:29:34,451 - INFO - Продукт 2139202 успешно обработан
2026-04-24 12:29:35,453 - INFO - Обработка продукта ID: 2083529
2026-04-24 12:29:38,111 - INFO - Отправка запроса к https://www.citilink.ru/graphql/, для получения данных об характеристик товара ID: 2083529
2026-04-24 12:29:39,971 - INFO - Запрос успешно выполнен
2026-04-24 12:29:39,973 - INFO - Отправка запроса к https://www.citilink.ru/graphql/, для получения данных об документов товара ID: 2083529
2026-04-24 12:29:42,083 - INFO - Запрос успешно выполнен
2026-04-24 12:29:42,085 - INFO - Отправка запроса к https://www.citilink.ru/graphql/, для получения данных об рейтинга товара ID: 2083529
2026-04-24 12:29:44,746 - INFO - Запрос успешно выполнен
2026-04-24 12:29:44,759 - INFO - Продукт 2083529 успешно обработан
2026-04-24 12:29:45,760 - INFO - Обработка продукта ID: 2094781
2026-04-24 12:29:48,761 - INFO - Отправка запроса к https://www.citilink.ru/graphql/, для получения данных об характеристик товара ID: 2094781
2026-04-24 12:29:50,247 - INFO - Запрос успешно выполнен
2026-04-24 12:29:50,251 - INFO - Отправка запроса к https://www.citilink.ru/graphql/, для получения данных об документов товара ID: 2094781
2026-04-24 12:29:52,041 - INFO - Запрос успешно выполнен
2026-04-24 12:29:52,046 - INFO - Отправка запроса к https://www.citilink.ru/graphql/, для получения данных об рейтинга товара ID: 2094781
2026-04-24 12:29:53,142 - INFO - Запрос успешно выполнен
2026-04-24 12:29:53,145 - INFO - Продукт 2094781 успешно обработан
2026-04-24 12:29:54,153 - INFO - Обработка продукта ID: 2086884
2026-04-24 12:29:55,913 - INFO - Отправка запроса к https://www.citilink.ru/graphql/, для получения данных об характеристик товара ID: 2086884
2026-04-24 12:29:57,154 - INFO - Запрос успешно выполнен
2026-04-24 12:29:57,158 - INFO - Отправка запроса к https://www.citilink.ru/graphql/, для получения данных об документов товара ID: 2086884
2026-04-24 12:29:58,346 - INFO - Запрос успешно выполнен
2026-04-24 12:29:58,350 - INFO - Отправка запроса к https://www.citilink.ru/graphql/, для получения данных об рейтинга товара ID: 2086884
2026-04-24 12:30:00,058 - INFO - Запрос успешно выполнен
2026-04-24 12:30:00,070 - INFO - Продукт 2086884 успешно обработан
2026-04-24 12:30:01,071 - INFO - Обработка продукта ID: 2083520
2026-04-24 12:30:03,068 - INFO - Отправка запроса к https://www.citilink.ru/graphql/, для получения данных об характеристик товара ID: 2083520
2026-04-24 12:30:04,542 - INFO - Запрос успешно выполнен
2026-04-24 12:30:04,549 - INFO - Отправка запроса к https://www.citilink.ru/graphql/, для получения данных об документов товара ID: 2083520
2026-04-24 12:30:06,046 - INFO - Запрос успешно выполнен
2026-04-24 12:30:06,049 - INFO - Отправка запроса к https://www.citilink.ru/graphql/, для получения данных об рейтинга товара ID: 2083520
2026-04-24 12:30:07,371 - INFO - Запрос успешно выполнен
2026-04-24 12:30:07,385 - INFO - Продукт 2083520 успешно обработан
2026-04-24 12:30:08,387 - INFO - Обработка продукта ID: 2100290
2026-04-24 12:30:10,088 - INFO - Отправка запроса к https://www.citilink.ru/graphql/, для получения данных об характеристик товара ID: 2100290
2026-04-24 12:30:11,344 - INFO - Запрос успешно выполнен
2026-04-24 12:30:11,344 - INFO - Отправка запроса к https://www.citilink.ru/graphql/, для получения данных об документов товара ID: 2100290
2026-04-24 12:30:13,147 - INFO - Запрос успешно выполнен
2026-04-24 12:30:13,150 - INFO - Отправка запроса к https://www.citilink.ru/graphql/, для получения данных об рейтинга товара ID: 2100290
2026-04-24 12:30:14,641 - INFO - Запрос успешно выполнен
2026-04-24 12:30:14,648 - INFO - Продукт 2100290 успешно обработан
2026-04-24 12:30:15,651 - INFO - Обработка продукта ID: 2008820
2026-04-24 12:30:18,055 - INFO - Отправка запроса к https://www.citilink.ru/graphql/, для получения данных об характеристик товара ID: 2008820
2026-04-24 12:30:19,745 - INFO - Запрос успешно выполнен
2026-04-24 12:30:19,747 - INFO - Отправка запроса к https://www.citilink.ru/graphql/, для получения данных об документов товара ID: 2008820
2026-04-24 12:30:21,199 - INFO - Запрос успешно выполнен
2026-04-24 12:30:21,210 - INFO - Отправка запроса к https://www.citilink.ru/graphql/, для получения данных об рейтинга товара ID: 2008820
2026-04-24 12:30:22,455 - INFO - Запрос успешно выполнен
2026-04-24 12:30:22,466 - INFO - Продукт 2008820 успешно обработан
2026-04-24 12:30:23,467 - INFO - Обработка продукта ID: 2103749
2026-04-24 12:30:25,654 - INFO - Отправка запроса к https://www.citilink.ru/graphql/, для получения данных об характеристик товара ID: 2103749
2026-04-24 12:30:27,453 - INFO - Запрос успешно выполнен
2026-04-24 12:30:27,453 - INFO - Отправка запроса к https://www.citilink.ru/graphql/, для получения данных об документов товара ID: 2103749
2026-04-24 12:30:29,188 - INFO - Запрос успешно выполнен
2026-04-24 12:30:29,188 - INFO - Отправка запроса к https://www.citilink.ru/graphql/, для получения данных об рейтинга товара ID: 2103749
2026-04-24 12:30:30,643 - INFO - Запрос успешно выполнен
2026-04-24 12:30:30,654 - INFO - Продукт 2103749 успешно обработан
2026-04-24 12:30:31,654 - INFO - Обработка продукта ID: 2096287
2026-04-24 12:30:34,645 - INFO - Отправка запроса к https://www.citilink.ru/graphql/, для получения данных об характеристик товара ID: 2096287
2026-04-24 12:30:36,174 - INFO - Запрос успешно выполнен
2026-04-24 12:30:36,179 - INFO - Отправка запроса к https://www.citilink.ru/graphql/, для получения данных об документов товара ID: 2096287
2026-04-24 12:30:37,974 - INFO - Запрос успешно выполнен
2026-04-24 12:30:37,976 - INFO - Отправка запроса к https://www.citilink.ru/graphql/, для получения данных об рейтинга товара ID: 2096287
2026-04-24 12:30:39,644 - INFO - Запрос успешно выполнен
2026-04-24 12:30:39,653 - INFO - Продукт 2096287 успешно обработан
2026-04-24 12:30:40,654 - INFO - Обработка продукта ID: 2101455
2026-04-24 12:30:43,438 - INFO - Отправка запроса к https://www.citilink.ru/graphql/, для получения данных об характеристик товара ID: 2101455
2026-04-24 12:30:45,174 - INFO - Запрос успешно выполнен
2026-04-24 12:30:45,178 - INFO - Отправка запроса к https://www.citilink.ru/graphql/, для получения данных об документов товара ID: 2101455
2026-04-24 12:30:46,382 - INFO - Запрос успешно выполнен
2026-04-24 12:30:46,384 - INFO - Отправка запроса к https://www.citilink.ru/graphql/, для получения данных об рейтинга товара ID: 2101455
2026-04-24 12:30:47,397 - INFO - Запрос успешно выполнен
2026-04-24 12:30:47,397 - INFO - Продукт 2101455 успешно обработан
2026-04-24 12:30:48,409 - INFO - Обработка продукта ID: 353608
2026-04-24 12:30:50,261 - INFO - Отправка запроса к https://www.citilink.ru/graphql/, для получения данных об характеристик товара ID: 353608
2026-04-24 12:30:51,444 - INFO - Запрос успешно выполнен
2026-04-24 12:30:51,450 - INFO - Отправка запроса к https://www.citilink.ru/graphql/, для получения данных об документов товара ID: 353608
2026-04-24 12:30:52,644 - INFO - Запрос успешно выполнен
2026-04-24 12:30:52,649 - INFO - Отправка запроса к https://www.citilink.ru/graphql/, для получения данных об рейтинга товара ID: 353608
2026-04-24 12:30:53,973 - INFO - Запрос успешно выполнен
2026-04-24 12:30:53,984 - INFO - Продукт 353608 успешно обработан
2026-04-24 12:30:54,986 - INFO - Обработка продукта ID: 2100296
2026-04-24 12:30:57,295 - INFO - Отправка запроса к https://www.citilink.ru/graphql/, для получения данных об характеристик товара ID: 2100296
2026-04-24 12:30:58,771 - INFO - Запрос успешно выполнен
2026-04-24 12:30:58,775 - INFO - Отправка запроса к https://www.citilink.ru/graphql/, для получения данных об документов товара ID: 2100296
2026-04-24 12:31:00,082 - INFO - Запрос успешно выполнен
2026-04-24 12:31:00,082 - INFO - Отправка запроса к https://www.citilink.ru/graphql/, для получения данных об рейтинга товара ID: 2100296
2026-04-24 12:31:01,444 - INFO - Запрос успешно выполнен
2026-04-24 12:31:01,449 - INFO - Продукт 2100296 успешно обработан
2026-04-24 12:31:02,457 - INFO - Обработка продукта ID: 2101839
2026-04-24 12:31:05,011 - INFO - Отправка запроса к https://www.citilink.ru/graphql/, для получения данных об характеристик товара ID: 2101839
2026-04-24 12:31:06,640 - INFO - Запрос успешно выполнен
2026-04-24 12:31:06,644 - INFO - Отправка запроса к https://www.citilink.ru/graphql/, для получения данных об документов товара ID: 2101839
2026-04-24 12:31:08,442 - INFO - Запрос успешно выполнен
2026-04-24 12:31:08,447 - INFO - Отправка запроса к https://www.citilink.ru/graphql/, для получения данных об рейтинга товара ID: 2101839
2026-04-24 12:31:09,643 - INFO - Запрос успешно выполнен
2026-04-24 12:31:09,655 - INFO - Продукт 2101839 успешно обработан
2026-04-24 12:31:10,657 - INFO - Обработка продукта ID: 2083422
2026-04-24 12:31:12,860 - INFO - Отправка запроса к https://www.citilink.ru/graphql/, для получения данных об характеристик товара ID: 2083422
2026-04-24 12:31:14,342 - INFO - Запрос успешно выполнен
2026-04-24 12:31:14,347 - INFO - Отправка запроса к https://www.citilink.ru/graphql/, для получения данных об документов товара ID: 2083422
2026-04-24 12:31:15,439 - INFO - Запрос успешно выполнен
2026-04-24 12:31:15,442 - INFO - Отправка запроса к https://www.citilink.ru/graphql/, для получения данных об рейтинга товара ID: 2083422
2026-04-24 12:31:16,947 - INFO - Запрос успешно выполнен
2026-04-24 12:31:16,955 - INFO - Продукт 2083422 успешно обработан
2026-04-24 12:31:17,957 - INFO - Обработка продукта ID: 2101463
2026-04-24 12:31:19,862 - INFO - Отправка запроса к https://www.citilink.ru/graphql/, для получения данных об характеристик товара ID: 2101463
2026-04-24 12:31:21,343 - INFO - Запрос успешно выполнен
2026-04-24 12:31:21,345 - INFO - Отправка запроса к https://www.citilink.ru/graphql/, для получения данных об документов товара ID: 2101463
2026-04-24 12:31:22,366 - INFO - Запрос успешно выполнен
2026-04-24 12:31:22,370 - INFO - Отправка запроса к https://www.citilink.ru/graphql/, для получения данных об рейтинга товара ID: 2101463
2026-04-24 12:31:23,644 - INFO - Запрос успешно выполнен
2026-04-24 12:31:23,657 - INFO - Продукт 2101463 успешно обработан
2026-04-24 12:31:24,658 - INFO - Обработка продукта ID: 2086890
2026-04-24 12:31:27,561 - INFO - Отправка запроса к https://www.citilink.ru/graphql/, для получения данных об характеристик товара ID: 2086890
2026-04-24 12:31:29,115 - INFO - Запрос успешно выполнен
2026-04-24 12:31:29,117 - INFO - Отправка запроса к https://www.citilink.ru/graphql/, для получения данных об документов товара ID: 2086890
2026-04-24 12:31:30,328 - INFO - Запрос успешно выполнен
2026-04-24 12:31:30,332 - INFO - Отправка запроса к https://www.citilink.ru/graphql/, для получения данных об рейтинга товара ID: 2086890
2026-04-24 12:31:31,740 - INFO - Запрос успешно выполнен
2026-04-24 12:31:31,756 - INFO - Продукт 2086890 успешно обработан
2026-04-24 12:31:32,757 - INFO - Обработка продукта ID: 2092143
2026-04-24 12:31:34,479 - INFO - Отправка запроса к https://www.citilink.ru/graphql/, для получения данных об характеристик товара ID: 2092143
2026-04-24 12:31:35,845 - INFO - Запрос успешно выполнен
2026-04-24 12:31:35,847 - INFO - Отправка запроса к https://www.citilink.ru/graphql/, для получения данных об документов товара ID: 2092143
2026-04-24 12:31:37,335 - INFO - Запрос успешно выполнен
2026-04-24 12:31:37,339 - INFO - Отправка запроса к https://www.citilink.ru/graphql/, для получения данных об рейтинга товара ID: 2092143
2026-04-24 12:31:38,745 - INFO - Запрос успешно выполнен
2026-04-24 12:31:38,755 - INFO - Продукт 2092143 успешно обработан
2026-04-24 12:31:39,757 - INFO - Обработка продукта ID: 2083401
2026-04-24 12:31:41,499 - INFO - Отправка запроса к https://www.citilink.ru/graphql/, для получения данных об характеристик товара ID: 2083401
2026-04-24 12:31:42,948 - INFO - Запрос успешно выполнен
2026-04-24 12:31:42,948 - INFO - Отправка запроса к https://www.citilink.ru/graphql/, для получения данных об документов товара ID: 2083401
2026-04-24 12:31:44,343 - INFO - Запрос успешно выполнен
2026-04-24 12:31:44,348 - INFO - Отправка запроса к https://www.citilink.ru/graphql/, для получения данных об рейтинга товара ID: 2083401
2026-04-24 12:31:45,865 - INFO - Запрос успешно выполнен
2026-04-24 12:31:45,873 - INFO - Продукт 2083401 успешно обработан
2026-04-24 12:31:46,874 - INFO - Обработка продукта ID: 2092141
2026-04-24 12:31:49,367 - INFO - Отправка запроса к https://www.citilink.ru/graphql/, для получения данных об характеристик товара ID: 2092141
2026-04-24 12:31:50,518 - INFO - Запрос успешно выполнен
2026-04-24 12:31:50,522 - INFO - Отправка запроса к https://www.citilink.ru/graphql/, для получения данных об документов товара ID: 2092141
2026-04-24 12:31:51,870 - INFO - Запрос успешно выполнен
2026-04-24 12:31:51,877 - INFO - Отправка запроса к https://www.citilink.ru/graphql/, для получения данных об рейтинга товара ID: 2092141
2026-04-24 12:31:53,086 - INFO - Запрос успешно выполнен
2026-04-24 12:31:53,098 - INFO - Продукт 2092141 успешно обработан
2026-04-24 12:31:54,099 - INFO - Обработка продукта ID: 2059057
2026-04-24 12:31:56,014 - INFO - Отправка запроса к https://www.citilink.ru/graphql/, для получения данных об характеристик товара ID: 2059057
2026-04-24 12:31:57,204 - WARNING - Слишком много запросов. Ожидание 2 сек перед повторной попыткой... (попытка 1/2)
2026-04-24 12:31:59,206 - INFO - Отправка запроса к https://www.citilink.ru/graphql/, для получения данных об характеристик товара ID: 2059057
2026-04-24 12:32:00,450 - INFO - Запрос успешно выполнен
2026-04-24 12:32:00,453 - INFO - Отправка запроса к https://www.citilink.ru/graphql/, для получения данных об документов товара ID: 2059057
2026-04-24 12:32:01,645 - INFO - Запрос успешно выполнен
2026-04-24 12:32:01,648 - INFO - Отправка запроса к https://www.citilink.ru/graphql/, для получения данных об рейтинга товара ID: 2059057
2026-04-24 12:32:03,277 - INFO - Запрос успешно выполнен
2026-04-24 12:32:03,285 - INFO - Продукт 2059057 успешно обработан
2026-04-24 12:32:04,286 - INFO - Обработка продукта ID: 2097885
2026-04-24 12:32:06,433 - INFO - Отправка запроса к https://www.citilink.ru/graphql/, для получения данных об характеристик товара ID: 2097885
2026-04-24 12:32:07,855 - INFO - Запрос успешно выполнен
2026-04-24 12:32:07,857 - INFO - Отправка запроса к https://www.citilink.ru/graphql/, для получения данных об документов товара ID: 2097885
2026-04-24 12:32:09,168 - INFO - Запрос успешно выполнен
2026-04-24 12:32:09,168 - INFO - Отправка запроса к https://www.citilink.ru/graphql/, для получения данных об рейтинга товара ID: 2097885
2026-04-24 12:32:10,370 - INFO - Запрос успешно выполнен
2026-04-24 12:32:10,382 - INFO - Продукт 2097885 успешно обработан
2026-04-24 12:32:11,383 - INFO - Обработка продукта ID: 2021660
2026-04-24 12:32:13,125 - INFO - Отправка запроса к https://www.citilink.ru/graphql/, для получения данных об характеристик товара ID: 2021660
2026-04-24 12:32:14,339 - INFO - Запрос успешно выполнен
2026-04-24 12:32:14,339 - INFO - Отправка запроса к https://www.citilink.ru/graphql/, для получения данных об документов товара ID: 2021660
2026-04-24 12:32:15,575 - INFO - Запрос успешно выполнен
2026-04-24 12:32:15,580 - INFO - Отправка запроса к https://www.citilink.ru/graphql/, для получения данных об рейтинга товара ID: 2021660
2026-04-24 12:32:16,789 - INFO - Запрос успешно выполнен
2026-04-24 12:32:16,799 - INFO - Продукт 2021660 успешно обработан
2026-04-24 12:32:17,801 - INFO - Обработка продукта ID: 1971646
2026-04-24 12:32:19,764 - INFO - Отправка запроса к https://www.citilink.ru/graphql/, для получения данных об характеристик товара ID: 1971646
2026-04-24 12:32:21,094 - INFO - Запрос успешно выполнен
2026-04-24 12:32:21,098 - INFO - Отправка запроса к https://www.citilink.ru/graphql/, для получения данных об документов товара ID: 1971646
2026-04-24 12:32:22,448 - INFO - Запрос успешно выполнен
2026-04-24 12:32:22,448 - INFO - Отправка запроса к https://www.citilink.ru/graphql/, для получения данных об рейтинга товара ID: 1971646
2026-04-24 12:32:23,647 - INFO - Запрос успешно выполнен
2026-04-24 12:32:23,659 - INFO - Продукт 1971646 успешно обработан
2026-04-24 12:32:24,661 - INFO - Обработка продукта ID: 2011739
2026-04-24 12:32:26,290 - INFO - Отправка запроса к https://www.citilink.ru/graphql/, для получения данных об характеристик товара ID: 2011739
2026-04-24 12:32:27,657 - INFO - Запрос успешно выполнен
2026-04-24 12:32:27,657 - INFO - Отправка запроса к https://www.citilink.ru/graphql/, для получения данных об документов товара ID: 2011739
2026-04-24 12:32:29,148 - INFO - Запрос успешно выполнен
2026-04-24 12:32:29,150 - INFO - Отправка запроса к https://www.citilink.ru/graphql/, для получения данных об рейтинга товара ID: 2011739
2026-04-24 12:32:30,345 - INFO - Запрос успешно выполнен
2026-04-24 12:32:30,366 - INFO - Продукт 2011739 успешно обработан
2026-04-24 12:32:31,368 - INFO - Обработка продукта ID: 2103753
2026-04-24 12:32:32,703 - INFO - Отправка запроса к https://www.citilink.ru/graphql/, для получения данных об характеристик товара ID: 2103753
2026-04-24 12:32:34,152 - INFO - Запрос успешно выполнен
2026-04-24 12:32:34,156 - INFO - Отправка запроса к https://www.citilink.ru/graphql/, для получения данных об документов товара ID: 2103753
2026-04-24 12:32:35,645 - INFO - Запрос успешно выполнен
2026-04-24 12:32:35,645 - INFO - Отправка запроса к https://www.citilink.ru/graphql/, для получения данных об рейтинга товара ID: 2103753
2026-04-24 12:32:36,640 - INFO - Запрос успешно выполнен
2026-04-24 12:32:36,648 - INFO - Продукт 2103753 успешно обработан
2026-04-24 12:32:37,651 - INFO - Обработка продукта ID: 2089938
2026-04-24 12:32:39,674 - INFO - Отправка запроса к https://www.citilink.ru/graphql/, для получения данных об характеристик товара ID: 2089938
2026-04-24 12:32:41,350 - INFO - Запрос успешно выполнен
2026-04-24 12:32:41,353 - INFO - Отправка запроса к https://www.citilink.ru/graphql/, для получения данных об документов товара ID: 2089938
2026-04-24 12:32:42,538 - INFO - Запрос успешно выполнен
2026-04-24 12:32:42,538 - INFO - Отправка запроса к https://www.citilink.ru/graphql/, для получения данных об рейтинга товара ID: 2089938
2026-04-24 12:32:43,807 - INFO - Запрос успешно выполнен
2026-04-24 12:32:43,818 - INFO - Продукт 2089938 успешно обработан
2026-04-24 12:32:44,821 - INFO - Обработка продукта ID: 2078556
2026-04-24 12:32:46,301 - INFO - Отправка запроса к https://www.citilink.ru/graphql/, для получения данных об характеристик товара ID: 2078556
2026-04-24 12:32:47,801 - INFO - Запрос успешно выполнен
2026-04-24 12:32:47,807 - INFO - Отправка запроса к https://www.citilink.ru/graphql/, для получения данных об документов товара ID: 2078556
2026-04-24 12:32:49,297 - INFO - Запрос успешно выполнен
2026-04-24 12:32:49,300 - INFO - Отправка запроса к https://www.citilink.ru/graphql/, для получения данных об рейтинга товара ID: 2078556
2026-04-24 12:32:50,509 - WARNING - Слишком много запросов. Ожидание 2 сек перед повторной попыткой... (попытка 1/2)
2026-04-24 12:32:52,513 - INFO - Отправка запроса к https://www.citilink.ru/graphql/, для получения данных об рейтинга товара ID: 2078556
2026-04-24 12:32:53,800 - WARNING - Слишком много запросов. Ожидание 4 сек перед повторной попыткой... (попытка 2/2)
2026-04-24 12:32:57,805 - WARNING - Не удалось получить рейтинг для продукта 2078556: Не удалось выполнить запрос после 2 попыток
2026-04-24 12:32:57,809 - INFO - Продукт 2078556 успешно обработан
2026-04-24 12:32:58,814 - INFO - Обработка продукта ID: 2092508
2026-04-24 12:33:00,854 - INFO - Отправка запроса к https://www.citilink.ru/graphql/, для получения данных об характеристик товара ID: 2092508
2026-04-24 12:33:02,355 - INFO - Запрос успешно выполнен
2026-04-24 12:33:02,358 - INFO - Отправка запроса к https://www.citilink.ru/graphql/, для получения данных об документов товара ID: 2092508
2026-04-24 12:33:03,850 - INFO - Запрос успешно выполнен
2026-04-24 12:33:03,854 - INFO - Отправка запроса к https://www.citilink.ru/graphql/, для получения данных об рейтинга товара ID: 2092508
2026-04-24 12:33:05,064 - INFO - Запрос успешно выполнен
2026-04-24 12:33:05,075 - INFO - Продукт 2092508 успешно обработан
2026-04-24 12:33:06,077 - INFO - Обработка продукта ID: 2086004
2026-04-24 12:33:07,758 - INFO - Отправка запроса к https://www.citilink.ru/graphql/, для получения данных об характеристик товара ID: 2086004
2026-04-24 12:33:08,946 - INFO - Запрос успешно выполнен
2026-04-24 12:33:08,950 - INFO - Отправка запроса к https://www.citilink.ru/graphql/, для получения данных об документов товара ID: 2086004
2026-04-24 12:33:10,052 - INFO - Запрос успешно выполнен
2026-04-24 12:33:10,055 - INFO - Отправка запроса к https://www.citilink.ru/graphql/, для получения данных об рейтинга товара ID: 2086004
2026-04-24 12:33:11,636 - INFO - Запрос успешно выполнен
2026-04-24 12:33:11,647 - INFO - Продукт 2086004 успешно обработан
2026-04-24 12:33:12,648 - INFO - Обработка продукта ID: 2101457
2026-04-24 12:33:14,659 - INFO - Отправка запроса к https://www.citilink.ru/graphql/, для получения данных об характеристик товара ID: 2101457
2026-04-24 12:33:16,143 - INFO - Запрос успешно выполнен
2026-04-24 12:33:16,145 - INFO - Отправка запроса к https://www.citilink.ru/graphql/, для получения данных об документов товара ID: 2101457
2026-04-24 12:33:17,332 - INFO - Запрос успешно выполнен
2026-04-24 12:33:17,337 - INFO - Отправка запроса к https://www.citilink.ru/graphql/, для получения данных об рейтинга товара ID: 2101457
2026-04-24 12:33:18,539 - INFO - Запрос успешно выполнен
2026-04-24 12:33:18,551 - INFO - Продукт 2101457 успешно обработан
2026-04-24 12:33:19,553 - INFO - Обработка продукта ID: 2086896
2026-04-24 12:33:21,267 - INFO - Отправка запроса к https://www.citilink.ru/graphql/, для получения данных об характеристик товара ID: 2086896
2026-04-24 12:33:22,737 - INFO - Запрос успешно выполнен
2026-04-24 12:33:22,741 - INFO - Отправка запроса к https://www.citilink.ru/graphql/, для получения данных об документов товара ID: 2086896
2026-04-24 12:33:23,840 - INFO - Запрос успешно выполнен
2026-04-24 12:33:23,843 - INFO - Отправка запроса к https://www.citilink.ru/graphql/, для получения данных об рейтинга товара ID: 2086896
2026-04-24 12:33:25,124 - INFO - Запрос успешно выполнен
2026-04-24 12:33:25,130 - INFO - Продукт 2086896 успешно обработан
2026-04-24 12:33:26,135 - INFO - Обработка продукта ID: 2097881
2026-04-24 12:33:28,163 - INFO - Отправка запроса к https://www.citilink.ru/graphql/, для получения данных об характеристик товара ID: 2097881
2026-04-24 12:33:29,951 - INFO - Запрос успешно выполнен
2026-04-24 12:33:29,955 - INFO - Отправка запроса к https://www.citilink.ru/graphql/, для получения данных об документов товара ID: 2097881
2026-04-24 12:33:31,373 - INFO - Запрос успешно выполнен
2026-04-24 12:33:31,377 - INFO - Отправка запроса к https://www.citilink.ru/graphql/, для получения данных об рейтинга товара ID: 2097881
2026-04-24 12:33:32,576 - INFO - Запрос успешно выполнен
2026-04-24 12:33:32,588 - INFO - Продукт 2097881 успешно обработан
2026-04-24 12:33:33,590 - INFO - Обработка продукта ID: 2088716
2026-04-24 12:33:36,097 - INFO - Отправка запроса к https://www.citilink.ru/graphql/, для получения данных об характеристик товара ID: 2088716
2026-04-24 12:33:37,516 - INFO - Запрос успешно выполнен
2026-04-24 12:33:37,519 - INFO - Отправка запроса к https://www.citilink.ru/graphql/, для получения данных об документов товара ID: 2088716
2026-04-24 12:33:38,698 - INFO - Запрос успешно выполнен
2026-04-24 12:33:38,708 - INFO - Отправка запроса к https://www.citilink.ru/graphql/, для получения данных об рейтинга товара ID: 2088716
2026-04-24 12:33:40,648 - INFO - Запрос успешно выполнен
2026-04-24 12:33:40,656 - INFO - Продукт 2088716 успешно обработан
2026-04-24 12:33:41,658 - INFO - Обработка продукта ID: 480777
2026-04-24 12:33:43,418 - INFO - Отправка запроса к https://www.citilink.ru/graphql/, для получения данных об характеристик товара ID: 480777
2026-04-24 12:33:45,157 - INFO - Запрос успешно выполнен
2026-04-24 12:33:45,163 - INFO - Отправка запроса к https://www.citilink.ru/graphql/, для получения данных об документов товара ID: 480777
2026-04-24 12:33:46,350 - INFO - Запрос успешно выполнен
2026-04-24 12:33:46,354 - INFO - Отправка запроса к https://www.citilink.ru/graphql/, для получения данных об рейтинга товара ID: 480777
2026-04-24 12:33:47,559 - INFO - Запрос успешно выполнен
2026-04-24 12:33:47,568 - INFO - Продукт 480777 успешно обработан
2026-04-24 12:33:48,569 - INFO - Обработка продукта ID: 2100619
2026-04-24 12:33:50,267 - INFO - Отправка запроса к https://www.citilink.ru/graphql/, для получения данных об характеристик товара ID: 2100619
2026-04-24 12:33:51,863 - INFO - Запрос успешно выполнен
2026-04-24 12:33:51,868 - INFO - Отправка запроса к https://www.citilink.ru/graphql/, для получения данных об документов товара ID: 2100619
2026-04-24 12:33:53,048 - INFO - Запрос успешно выполнен
2026-04-24 12:33:53,048 - INFO - Отправка запроса к https://www.citilink.ru/graphql/, для получения данных об рейтинга товара ID: 2100619
2026-04-24 12:33:54,246 - WARNING - Слишком много запросов. Ожидание 2 сек перед повторной попыткой... (попытка 1/2)
2026-04-24 12:33:56,248 - INFO - Отправка запроса к https://www.citilink.ru/graphql/, для получения данных об рейтинга товара ID: 2100619
2026-04-24 12:33:57,850 - WARNING - Слишком много запросов. Ожидание 4 сек перед повторной попыткой... (попытка 2/2)
2026-04-24 12:34:01,855 - WARNING - Не удалось получить рейтинг для продукта 2100619: Не удалось выполнить запрос после 2 попыток
2026-04-24 12:34:01,861 - INFO - Продукт 2100619 успешно обработан
2026-04-24 12:34:02,867 - INFO - Обработка продукта ID: 2121978
2026-04-24 12:34:05,521 - INFO - Отправка запроса к https://www.citilink.ru/graphql/, для получения данных об характеристик товара ID: 2121978
2026-04-24 12:34:06,963 - INFO - Запрос успешно выполнен
2026-04-24 12:34:06,967 - INFO - Отправка запроса к https://www.citilink.ru/graphql/, для получения данных об документов товара ID: 2121978
2026-04-24 12:34:08,426 - INFO - Запрос успешно выполнен
2026-04-24 12:34:08,429 - INFO - Отправка запроса к https://www.citilink.ru/graphql/, для получения данных об рейтинга товара ID: 2121978
2026-04-24 12:34:09,653 - INFO - Запрос успешно выполнен
2026-04-24 12:34:09,660 - INFO - Продукт 2121978 успешно обработан
2026-04-24 12:34:10,661 - INFO - Обработка продукта ID: 2098243
2026-04-24 12:34:12,566 - INFO - Отправка запроса к https://www.citilink.ru/graphql/, для получения данных об характеристик товара ID: 2098243
2026-04-24 12:34:13,956 - INFO - Запрос успешно выполнен
2026-04-24 12:34:13,960 - INFO - Отправка запроса к https://www.citilink.ru/graphql/, для получения данных об документов товара ID: 2098243
2026-04-24 12:34:15,147 - INFO - Запрос успешно выполнен
2026-04-24 12:34:15,152 - INFO - Отправка запроса к https://www.citilink.ru/graphql/, для получения данных об рейтинга товара ID: 2098243
2026-04-24 12:34:16,507 - INFO - Запрос успешно выполнен
2026-04-24 12:34:16,517 - INFO - Продукт 2098243 успешно обработан
2026-04-24 12:34:17,518 - INFO - Обработка продукта ID: 2103748
2026-04-24 12:34:19,047 - INFO - Отправка запроса к https://www.citilink.ru/graphql/, для получения данных об характеристик товара ID: 2103748
2026-04-24 12:34:20,346 - INFO - Запрос успешно выполнен
2026-04-24 12:34:20,352 - INFO - Отправка запроса к https://www.citilink.ru/graphql/, для получения данных об документов товара ID: 2103748
2026-04-24 12:34:22,143 - WARNING - Слишком много запросов. Ожидание 2 сек перед повторной попыткой... (попытка 1/2)
2026-04-24 12:34:24,147 - INFO - Отправка запроса к https://www.citilink.ru/graphql/, для получения данных об документов товара ID: 2103748
2026-04-24 12:34:25,650 - INFO - Запрос успешно выполнен
2026-04-24 12:34:25,653 - INFO - Отправка запроса к https://www.citilink.ru/graphql/, для получения данных об рейтинга товара ID: 2103748
2026-04-24 12:34:27,053 - WARNING - Слишком много запросов. Ожидание 2 сек перед повторной попыткой... (попытка 1/2)
2026-04-24 12:34:29,055 - INFO - Отправка запроса к https://www.citilink.ru/graphql/, для получения данных об рейтинга товара ID: 2103748
2026-04-24 12:34:30,650 - WARNING - Слишком много запросов. Ожидание 4 сек перед повторной попыткой... (попытка 2/2)
2026-04-24 12:34:34,653 - WARNING - Не удалось получить рейтинг для продукта 2103748: Не удалось выполнить запрос после 2 попыток
2026-04-24 12:34:34,660 - INFO - Продукт 2103748 успешно обработан
2026-04-24 12:34:35,662 - INFO - Обработка продукта ID: 2084432
2026-04-24 12:34:37,158 - INFO - Отправка запроса к https://www.citilink.ru/graphql/, для получения данных об характеристик товара ID: 2084432
2026-04-24 12:34:38,498 - WARNING - Слишком много запросов. Ожидание 2 сек перед повторной попыткой... (попытка 1/2)
2026-04-24 12:34:40,503 - INFO - Отправка запроса к https://www.citilink.ru/graphql/, для получения данных об характеристик товара ID: 2084432
2026-04-24 12:34:41,545 - WARNING - Слишком много запросов. Ожидание 4 сек перед повторной попыткой... (попытка 2/2)
2026-04-24 12:34:45,549 - WARNING - Не удалось получить характеристики для продукта 2084432: Не удалось выполнить запрос после 2 попыток
2026-04-24 12:34:45,553 - INFO - Отправка запроса к https://www.citilink.ru/graphql/, для получения данных об документов товара ID: 2084432
2026-04-24 12:34:47,056 - WARNING - Слишком много запросов. Ожидание 2 сек перед повторной попыткой... (попытка 1/2)
2026-04-24 12:34:49,059 - INFO - Отправка запроса к https://www.citilink.ru/graphql/, для получения данных об документов товара ID: 2084432
2026-04-24 12:34:50,480 - WARNING - Слишком много запросов. Ожидание 4 сек перед повторной попыткой... (попытка 2/2)
2026-04-24 12:34:54,484 - WARNING - Не удалось получить документы для продукта 2084432: Не удалось выполнить запрос после 2 попыток
2026-04-24 12:34:54,488 - INFO - Отправка запроса к https://www.citilink.ru/graphql/, для получения данных об рейтинга товара ID: 2084432
2026-04-24 12:34:55,730 - WARNING - Слишком много запросов. Ожидание 2 сек перед повторной попыткой... (попытка 1/2)
2026-04-24 12:34:57,732 - INFO - Отправка запроса к https://www.citilink.ru/graphql/, для получения данных об рейтинга товара ID: 2084432
2026-04-24 12:34:59,277 - WARNING - Слишком много запросов. Ожидание 4 сек перед повторной попыткой... (попытка 2/2)
2026-04-24 12:35:03,281 - WARNING - Не удалось получить рейтинг для продукта 2084432: Не удалось выполнить запрос после 2 попыток
2026-04-24 12:35:03,290 - INFO - Продукт 2084432 успешно обработан
2026-04-24 12:35:04,292 - INFO - Обработка страницы продукта №2
2026-04-24 12:35:04,292 - INFO - Отправка запроса к https://www.citilink.ru/graphql/, для получения данных об всех продуктов
2026-04-24 12:35:05,914 - WARNING - Слишком много запросов. Ожидание 2 сек перед повторной попыткой... (попытка 1/3)
2026-04-24 12:35:07,921 - INFO - Отправка запроса к https://www.citilink.ru/graphql/, для получения данных об всех продуктов
2026-04-24 12:35:09,152 - WARNING - Слишком много запросов. Ожидание 4 сек перед повторной попыткой... (попытка 2/3)
2026-04-24 12:35:13,155 - INFO - Отправка запроса к https://www.citilink.ru/graphql/, для получения данных об всех продуктов
2026-04-24 12:35:14,478 - WARNING - Слишком много запросов. Ожидание 8 сек перед повторной попыткой... (попытка 3/3)
2026-04-24 12:35:22,489 - ERROR - Ошибка при обработке страницы 2: Не удалось выполнить запрос после 3 попыток
2026-04-24 12:35:22,538 - INFO - Обработка категории videokarty успешно завершена
2026-04-24 12:35:22,538 - INFO - Данные сохранены в директории: data\videokarty
2026-04-24 12:35:22,538 - INFO - Общее количество товаров: 48
2026-04-24 12:35:22,571 - INFO - Также создан объединенный файл 'Товары.json' для совместимости

2026-04-24 12:35:22,815 - app.routes.admin - INFO - Начинаем автоматический импорт товаров...
2026-04-24 12:35:25,760 - app.routes.admin - INFO - Автоматический импорт товаров завершен успешно
2026-04-24 12:37:42,331 - app.routes.admin - INFO - Created .env file with category: videokarty
2026-04-24 12:37:42,337 - app.routes.admin - INFO - === ЗАПУСК ПАРСЕРА CITILINK ===
2026-04-24 12:37:42,341 - app.routes.admin - INFO - Citilink parser started in background for category: videokarty
2026-04-24 12:37:42,341 - app.routes.admin - INFO - Категория: videokarty
2026-04-24 12:37:42,343 - app.routes.admin - INFO - Время запуска: 2026-04-24 12:37:42
2026-04-24 12:37:42,357 - app.routes.admin - INFO - Запуск процесса парсинга...
2026-04-24 12:37:42,666 - app.routes.admin - INFO - Загружены локальные данные DNS: 99 товаров из 2 категорий
2026-04-24 12:37:43,497 - app.routes.admin - ERROR - Ошибка чтения файла Citilink C:\Users\lime_\Desktop\DIP\new_pccon\app\utils\Citi_parser\data\videokarty\Товары.json: Expecting value: line 2 column 1 (char 2)
2026-04-24 12:37:47,526 - app.routes.admin - INFO - Created .env file with category: videokarty
2026-04-24 12:37:47,526 - app.routes.admin - INFO - === ЗАПУСК ПАРСЕРА CITILINK ===
2026-04-24 12:37:47,526 - app.routes.admin - INFO - Категория: videokarty
2026-04-24 12:37:47,531 - app.routes.admin - INFO - Citilink parser started in background for category: videokarty
2026-04-24 12:37:47,537 - app.routes.admin - INFO - Время запуска: 2026-04-24 12:37:47
2026-04-24 12:37:47,540 - app.routes.admin - INFO - Запуск процесса парсинга...
2026-04-24 12:37:47,859 - app.routes.admin - INFO - Загружены локальные данные DNS: 99 товаров из 2 категорий
2026-04-24 12:37:47,859 - app.routes.admin - ERROR - Ошибка чтения категории Citilink videokarty: Expecting value: line 2 column 1 (char 2)
2026-04-24 12:37:47,863 - app.routes.admin - INFO - Загружено 0 товаров Citilink
2026-04-24 12:37:48,599 - app.routes.admin - ERROR - Ошибка чтения файла Citilink C:\Users\lime_\Desktop\DIP\new_pccon\app\utils\Citi_parser\data\videokarty\Товары.json: Expecting value: line 2 column 1 (char 2)
2026-04-24 12:37:55,043 - app.routes.admin - INFO - Исправляю файл: C:\Users\lime_\Desktop\DIP\new_pccon\app\utils\Citi_parser\data\videokarty\Обзоры.json
2026-04-24 12:37:55,045 - app.routes.admin - WARNING - Не удалось исправить файл, удаляю: C:\Users\lime_\Desktop\DIP\new_pccon\app\utils\Citi_parser\data\videokarty\Обзоры.json
2026-04-24 12:37:55,072 - app.routes.admin - INFO - Исправляю файл: C:\Users\lime_\Desktop\DIP\new_pccon\app\utils\Citi_parser\data\videokarty\Отзывы.json
2026-04-24 12:37:55,073 - app.routes.admin - WARNING - Не удалось исправить файл, удаляю: C:\Users\lime_\Desktop\DIP\new_pccon\app\utils\Citi_parser\data\videokarty\Отзывы.json
2026-04-24 12:37:55,079 - app.routes.admin - INFO - Исправляю файл: C:\Users\lime_\Desktop\DIP\new_pccon\app\utils\Citi_parser\data\videokarty\Товары.json
2026-04-24 12:37:55,083 - app.routes.admin - WARNING - Не удалось исправить файл, удаляю: C:\Users\lime_\Desktop\DIP\new_pccon\app\utils\Citi_parser\data\videokarty\Товары.json
2026-04-24 12:37:55,404 - app.routes.admin - INFO - Загружены локальные данные DNS: 99 товаров из 2 категорий
2026-04-24 12:37:55,407 - app.routes.admin - INFO - Загружено 0 товаров Citilink
2026-04-24 12:38:02,095 - app.routes.admin - INFO - Парсер завершился с кодом: 0
2026-04-24 12:38:02,095 - app.routes.admin - ERROR - Ошибки парсера:
2026-04-24 12:37:43,316 - INFO - \u2139\ufe0f  Прокси отключены. Для включения установите USE_PROXY=true в .env файле
2026-04-24 12:37:43,318 - INFO - \u2139\ufe0f  Или используйте команду: python -c "from request_handler import enable_proxy; enable_proxy()"
2026-04-24 12:37:43,318 - INFO - Начало парсинга категории: videokarty
2026-04-24 12:37:43,318 - INFO - Лимит товаров не задан (без ограничения)
2026-04-24 12:37:43,325 - INFO - Обработка страницы продукта №1
2026-04-24 12:37:43,325 - INFO - Отправка запроса к https://www.citilink.ru/graphql/, для получения данных об всех продуктов
2026-04-24 12:37:44,752 - WARNING - Слишком много запросов. Ожидание 2 сек перед повторной попыткой... (попытка 1/3)
2026-04-24 12:37:46,756 - INFO - Отправка запроса к https://www.citilink.ru/graphql/, для получения данных об всех продуктов
2026-04-24 12:37:48,395 - WARNING - Слишком много запросов. Ожидание 4 сек перед повторной попыткой... (попытка 2/3)
2026-04-24 12:37:52,401 - INFO - Отправка запроса к https://www.citilink.ru/graphql/, для получения данных об всех продуктов
2026-04-24 12:37:53,954 - WARNING - Слишком много запросов. Ожидание 8 сек перед повторной попыткой... (попытка 3/3)
2026-04-24 12:38:01,960 - ERROR - Ошибка при обработке страницы 1: Не удалось выполнить запрос после 3 попыток
2026-04-24 12:38:01,970 - WARNING - Не удалось получить товары для категории videokarty
2026-04-24 12:38:01,970 - INFO - Также создан объединенный файл 'Товары.json' для совместимости

2026-04-24 12:38:02,103 - app.routes.admin - INFO - Начинаем автоматический импорт товаров...
2026-04-24 12:38:04,691 - app.routes.admin - INFO - Автоматический импорт товаров завершен успешно
2026-04-24 12:38:07,044 - app.routes.admin - INFO - Парсер завершился с кодом: 0
2026-04-24 12:38:07,045 - app.routes.admin - ERROR - Ошибки парсера:
2026-04-24 12:37:48,183 - INFO - \u2139\ufe0f  Прокси отключены. Для включения установите USE_PROXY=true в .env файле
2026-04-24 12:37:48,183 - INFO - \u2139\ufe0f  Или используйте команду: python -c "from request_handler import enable_proxy; enable_proxy()"
2026-04-24 12:37:48,183 - INFO - Начало парсинга категории: videokarty
2026-04-24 12:37:48,183 - INFO - Лимит товаров не задан (без ограничения)
2026-04-24 12:37:48,183 - INFO - Обработка страницы продукта №1
2026-04-24 12:37:48,183 - INFO - Отправка запроса к https://www.citilink.ru/graphql/, для получения данных об всех продуктов
2026-04-24 12:37:49,590 - WARNING - Слишком много запросов. Ожидание 2 сек перед повторной попыткой... (попытка 1/3)
2026-04-24 12:37:51,594 - INFO - Отправка запроса к https://www.citilink.ru/graphql/, для получения данных об всех продуктов
2026-04-24 12:37:53,353 - WARNING - Слишком много запросов. Ожидание 4 сек перед повторной попыткой... (попытка 2/3)
2026-04-24 12:37:57,358 - INFO - Отправка запроса к https://www.citilink.ru/graphql/, для получения данных об всех продуктов
2026-04-24 12:37:58,955 - WARNING - Слишком много запросов. Ожидание 8 сек перед повторной попыткой... (попытка 3/3)
2026-04-24 12:38:06,961 - ERROR - Ошибка при обработке страницы 1: Не удалось выполнить запрос после 3 попыток
2026-04-24 12:38:06,968 - WARNING - Не удалось получить товары для категории videokarty
2026-04-24 12:38:06,971 - INFO - Также создан объединенный файл 'Товары.json' для совместимости

2026-04-24 12:38:07,055 - app.routes.admin - INFO - Начинаем автоматический импорт товаров...
2026-04-24 12:38:07,283 - app.routes.admin - INFO - Автоматический импорт товаров завершен успешно
2026-04-24 12:41:48,117 - app.routes.admin - INFO - Загружены локальные данные DNS: 99 товаров из 2 категорий
2026-04-24 12:41:52,887 - app.routes.admin - INFO - Created .env file with category: processory
2026-04-24 12:41:52,891 - app.routes.admin - INFO - === ЗАПУСК ПАРСЕРА CITILINK ===
2026-04-24 12:41:52,894 - app.routes.admin - INFO - Citilink parser started in background for category: processory
2026-04-24 12:41:52,897 - app.routes.admin - INFO - Категория: processory
2026-04-24 12:41:52,899 - app.routes.admin - INFO - Время запуска: 2026-04-24 12:41:52
2026-04-24 12:41:52,899 - app.routes.admin - INFO - Запуск процесса парсинга...
2026-04-24 12:41:53,242 - app.routes.admin - INFO - Загружены локальные данные DNS: 99 товаров из 2 категорий
2026-04-24 12:41:54,061 - app.routes.admin - ERROR - Ошибка чтения файла Citilink C:\Users\lime_\Desktop\DIP\new_pccon\app\utils\Citi_parser\data\processory\Товары.json: Expecting value: line 2 column 1 (char 2)
2026-04-24 12:42:11,766 - app.routes.admin - INFO - Парсер завершился с кодом: 0
2026-04-24 12:42:11,766 - app.routes.admin - ERROR - Ошибки парсера:
2026-04-24 12:41:53,676 - INFO - \u2139\ufe0f  Прокси отключены. Для включения установите USE_PROXY=true в .env файле
2026-04-24 12:41:53,676 - INFO - \u2139\ufe0f  Или используйте команду: python -c "from request_handler import enable_proxy; enable_proxy()"
2026-04-24 12:41:53,678 - INFO - Начало парсинга категории: processory
2026-04-24 12:41:53,678 - INFO - Лимит товаров не задан (без ограничения)
2026-04-24 12:41:53,684 - INFO - Обработка страницы продукта №1
2026-04-24 12:41:53,684 - INFO - Отправка запроса к https://www.citilink.ru/graphql/, для получения данных об всех продуктов
2026-04-24 12:41:55,166 - WARNING - Слишком много запросов. Ожидание 2 сек перед повторной попыткой... (попытка 1/3)
2026-04-24 12:41:57,169 - INFO - Отправка запроса к https://www.citilink.ru/graphql/, для получения данных об всех продуктов
2026-04-24 12:41:58,455 - WARNING - Слишком много запросов. Ожидание 4 сек перед повторной попыткой... (попытка 2/3)
2026-04-24 12:42:02,461 - INFO - Отправка запроса к https://www.citilink.ru/graphql/, для получения данных об всех продуктов
2026-04-24 12:42:03,685 - WARNING - Слишком много запросов. Ожидание 8 сек перед повторной попыткой... (попытка 3/3)
2026-04-24 12:42:11,691 - ERROR - Ошибка при обработке страницы 1: Не удалось выполнить запрос после 3 попыток
2026-04-24 12:42:11,693 - WARNING - Не удалось получить товары для категории processory
2026-04-24 12:42:11,698 - INFO - Также создан объединенный файл 'Товары.json' для совместимости

2026-04-24 12:42:11,768 - app.routes.admin - INFO - Начинаем автоматический импорт товаров...
2026-04-24 12:42:12,002 - app.routes.admin - INFO - Автоматический импорт товаров завершен успешно
2026-04-24 12:54:45,073 - app.routes.admin - INFO - Загружены локальные данные DNS: 99 товаров из 2 категорий
2026-04-24 12:54:48,722 - app.routes.admin - INFO - Исправляю файл: C:\Users\lime_\Desktop\DIP\new_pccon\app\utils\Citi_parser\data\videokarty\Обзоры.json
2026-04-24 12:54:48,722 - app.routes.admin - WARNING - Не удалось исправить файл, удаляю: C:\Users\lime_\Desktop\DIP\new_pccon\app\utils\Citi_parser\data\videokarty\Обзоры.json
2026-04-24 12:54:48,756 - app.routes.admin - INFO - Исправляю файл: C:\Users\lime_\Desktop\DIP\new_pccon\app\utils\Citi_parser\data\videokarty\Отзывы.json
2026-04-24 12:54:48,758 - app.routes.admin - WARNING - Не удалось исправить файл, удаляю: C:\Users\lime_\Desktop\DIP\new_pccon\app\utils\Citi_parser\data\videokarty\Отзывы.json
2026-04-24 12:54:49,057 - app.routes.admin - INFO - Загружены локальные данные DNS: 99 товаров из 2 категорий
