2026-04-15 10:53:51,065 - app.routes.admin - INFO - Загружены локальные данные DNS: 273 товаров из 13 категорий
2026-04-15 10:53:51,402 - app.routes.admin - ERROR - Ошибка чтения категории Citilink ventilyatory-dlya-korpusa: Expecting value: line 2 column 1 (char 2)
2026-04-15 10:53:52,401 - app.routes.admin - ERROR - Ошибка чтения файла Citilink C:\Users\lime_\Desktop\DIP\new_pccon\app\utils\Citi_parser\data\ventilyatory-dlya-korpusa\Товары.json: Expecting value: line 2 column 1 (char 2)
2026-04-15 10:53:58,617 - app.routes.admin - INFO - Файл с результатами DNS парсера очищен
2026-04-15 10:53:58,648 - app.routes.admin - INFO - Файл с URL-адресами DNS парсера очищен
2026-04-15 10:53:58,707 - app.routes.admin - INFO - Загружены локальные данные DNS: 273 товаров из 13 категорий
2026-04-15 10:53:59,015 - app.routes.admin - ERROR - Ошибка чтения категории Citilink ventilyatory-dlya-korpusa: Expecting value: line 2 column 1 (char 2)
2026-04-15 10:53:59,940 - app.routes.admin - ERROR - Ошибка чтения файла Citilink C:\Users\lime_\Desktop\DIP\new_pccon\app\utils\Citi_parser\data\ventilyatory-dlya-korpusa\Товары.json: Expecting value: line 2 column 1 (char 2)
2026-04-15 10:54:08,201 - app.routes.admin - INFO - Загружены локальные данные DNS: 273 товаров из 13 категорий
2026-04-15 10:54:08,486 - app.routes.admin - ERROR - Ошибка чтения категории Citilink ventilyatory-dlya-korpusa: Expecting value: line 2 column 1 (char 2)
2026-04-15 10:54:09,346 - app.routes.admin - ERROR - Ошибка чтения файла Citilink C:\Users\lime_\Desktop\DIP\new_pccon\app\utils\Citi_parser\data\ventilyatory-dlya-korpusa\Товары.json: Expecting value: line 2 column 1 (char 2)
2026-04-15 10:54:30,771 - app.routes.admin - INFO - Загружены локальные данные DNS: 273 товаров из 13 категорий
2026-04-15 10:54:31,089 - app.routes.admin - ERROR - Ошибка чтения категории Citilink ventilyatory-dlya-korpusa: Expecting value: line 2 column 1 (char 2)
2026-04-15 10:54:32,520 - app.routes.admin - ERROR - Ошибка чтения файла Citilink C:\Users\lime_\Desktop\DIP\new_pccon\app\utils\Citi_parser\data\ventilyatory-dlya-korpusa\Товары.json: Expecting value: line 2 column 1 (char 2)
2026-04-15 10:54:36,313 - app.routes.admin - INFO - Файл с результатами DNS парсера очищен
2026-04-15 10:54:36,315 - app.routes.admin - INFO - Файл с URL-адресами DNS парсера очищен
2026-04-15 10:54:36,375 - app.routes.admin - INFO - Загружены локальные данные DNS: 273 товаров из 13 категорий
2026-04-15 10:54:36,655 - app.routes.admin - ERROR - Ошибка чтения категории Citilink ventilyatory-dlya-korpusa: Expecting value: line 2 column 1 (char 2)
2026-04-15 10:54:37,529 - app.routes.admin - ERROR - Ошибка чтения файла Citilink C:\Users\lime_\Desktop\DIP\new_pccon\app\utils\Citi_parser\data\ventilyatory-dlya-korpusa\Товары.json: Expecting value: line 2 column 1 (char 2)
2026-04-15 10:54:42,707 - app.routes.admin - INFO - Загружены локальные данные DNS: 273 товаров из 13 категорий
2026-04-15 10:54:42,986 - app.routes.admin - ERROR - Ошибка чтения категории Citilink ventilyatory-dlya-korpusa: Expecting value: line 2 column 1 (char 2)
2026-04-15 10:54:43,819 - app.routes.admin - ERROR - Ошибка чтения файла Citilink C:\Users\lime_\Desktop\DIP\new_pccon\app\utils\Citi_parser\data\ventilyatory-dlya-korpusa\Товары.json: Expecting value: line 2 column 1 (char 2)
2026-04-15 10:54:54,303 - app.routes.admin - ERROR - Ошибка чтения файла Citilink C:\Users\lime_\Desktop\DIP\new_pccon\app\utils\Citi_parser\data\ventilyatory-dlya-korpusa\Товары.json: Expecting value: line 2 column 1 (char 2)
2026-04-15 10:55:00,996 - app.routes.admin - ERROR - Ошибка чтения файла Citilink C:\Users\lime_\Desktop\DIP\new_pccon\app\utils\Citi_parser\data\ventilyatory-dlya-korpusa\Товары.json: Expecting value: line 2 column 1 (char 2)
2026-04-15 10:55:02,995 - app.routes.admin - ERROR - Ошибка чтения файла Citilink C:\Users\lime_\Desktop\DIP\new_pccon\app\utils\Citi_parser\data\ventilyatory-dlya-korpusa\Товары.json: Expecting value: line 2 column 1 (char 2)
2026-04-15 10:55:40,820 - app.routes.admin - INFO - Загружены локальные данные DNS: 273 товаров из 13 категорий
2026-04-15 10:55:41,161 - app.routes.admin - ERROR - Ошибка чтения категории Citilink ventilyatory-dlya-korpusa: Expecting value: line 2 column 1 (char 2)
2026-04-15 10:55:42,089 - app.routes.admin - ERROR - Ошибка чтения файла Citilink C:\Users\lime_\Desktop\DIP\new_pccon\app\utils\Citi_parser\data\ventilyatory-dlya-korpusa\Товары.json: Expecting value: line 2 column 1 (char 2)
2026-04-15 10:55:48,002 - app.routes.admin - ERROR - Ошибка чтения файла Citilink C:\Users\lime_\Desktop\DIP\new_pccon\app\utils\Citi_parser\data\ventilyatory-dlya-korpusa\Товары.json: Expecting value: line 2 column 1 (char 2)
2026-04-15 10:56:06,960 - app.routes.admin - INFO - Файл с результатами DNS парсера очищен
2026-04-15 10:56:06,964 - app.routes.admin - INFO - Файл с URL-адресами DNS парсера очищен
2026-04-15 10:56:07,020 - app.routes.admin - INFO - Загружены локальные данные DNS: 273 товаров из 13 категорий
2026-04-15 10:56:07,302 - app.routes.admin - ERROR - Ошибка чтения категории Citilink ventilyatory-dlya-korpusa: Expecting value: line 2 column 1 (char 2)
2026-04-15 10:56:08,017 - app.routes.admin - ERROR - Ошибка чтения файла Citilink C:\Users\lime_\Desktop\DIP\new_pccon\app\utils\Citi_parser\data\ventilyatory-dlya-korpusa\Товары.json: Expecting value: line 2 column 1 (char 2)
2026-04-15 10:56:17,091 - app.routes.admin - ERROR - Ошибка чтения файла Citilink C:\Users\lime_\Desktop\DIP\new_pccon\app\utils\Citi_parser\data\ventilyatory-dlya-korpusa\Товары.json: Expecting value: line 2 column 1 (char 2)
2026-04-15 10:56:18,553 - app.routes.admin - ERROR - Ошибка чтения файла Citilink C:\Users\lime_\Desktop\DIP\new_pccon\app\utils\Citi_parser\data\ventilyatory-dlya-korpusa\Товары.json: Expecting value: line 2 column 1 (char 2)
2026-04-15 10:56:20,607 - app.routes.admin - ERROR - Ошибка чтения файла Citilink C:\Users\lime_\Desktop\DIP\new_pccon\app\utils\Citi_parser\data\ventilyatory-dlya-korpusa\Товары.json: Expecting value: line 2 column 1 (char 2)
2026-04-15 10:56:21,058 - app.routes.admin - ERROR - Ошибка чтения файла Citilink C:\Users\lime_\Desktop\DIP\new_pccon\app\utils\Citi_parser\data\ventilyatory-dlya-korpusa\Товары.json: Expecting value: line 2 column 1 (char 2)
2026-04-15 10:56:21,511 - app.routes.admin - ERROR - Ошибка чтения файла Citilink C:\Users\lime_\Desktop\DIP\new_pccon\app\utils\Citi_parser\data\ventilyatory-dlya-korpusa\Товары.json: Expecting value: line 2 column 1 (char 2)
2026-04-15 10:56:22,016 - app.routes.admin - ERROR - Ошибка чтения файла Citilink C:\Users\lime_\Desktop\DIP\new_pccon\app\utils\Citi_parser\data\ventilyatory-dlya-korpusa\Товары.json: Expecting value: line 2 column 1 (char 2)
2026-04-15 12:05:10,606 - app.routes.admin - INFO - Загружены локальные данные DNS: 50 товаров из 1 категорий
2026-04-15 12:05:10,766 - app.routes.admin - ERROR - Ошибка чтения категории Citilink ventilyatory-dlya-korpusa: Expecting value: line 2 column 1 (char 2)
2026-04-15 12:05:11,266 - app.routes.admin - ERROR - Ошибка чтения файла Citilink C:\Users\lime_\Desktop\DIP\new_pccon\app\utils\Citi_parser\data\ventilyatory-dlya-korpusa\Товары.json: Expecting value: line 2 column 1 (char 2)
2026-04-15 12:31:10,431 - app.routes.admin - INFO - Загружены локальные данные DNS: 99 товаров из 2 категорий
2026-04-15 12:31:10,809 - app.routes.admin - ERROR - Ошибка чтения категории Citilink ventilyatory-dlya-korpusa: Expecting value: line 2 column 1 (char 2)
2026-04-15 12:31:11,720 - app.routes.admin - ERROR - Ошибка чтения файла Citilink C:\Users\lime_\Desktop\DIP\new_pccon\app\utils\Citi_parser\data\ventilyatory-dlya-korpusa\Товары.json: Expecting value: line 2 column 1 (char 2)
2026-04-15 12:33:47,730 - app.routes.admin - INFO - Загружены локальные данные DNS: 99 товаров из 2 категорий
2026-04-15 12:33:48,034 - app.routes.admin - ERROR - Ошибка чтения категории Citilink ventilyatory-dlya-korpusa: Expecting value: line 2 column 1 (char 2)
2026-04-15 12:33:48,963 - app.routes.admin - ERROR - Ошибка чтения файла Citilink C:\Users\lime_\Desktop\DIP\new_pccon\app\utils\Citi_parser\data\ventilyatory-dlya-korpusa\Товары.json: Expecting value: line 2 column 1 (char 2)
2026-04-15 12:38:42,388 - app.routes.admin - INFO - Загружены локальные данные DNS: 99 товаров из 2 категорий
2026-04-15 12:38:42,681 - app.routes.admin - ERROR - Ошибка чтения категории Citilink ventilyatory-dlya-korpusa: Expecting value: line 2 column 1 (char 2)
2026-04-15 12:38:43,518 - app.routes.admin - ERROR - Ошибка чтения файла Citilink C:\Users\lime_\Desktop\DIP\new_pccon\app\utils\Citi_parser\data\ventilyatory-dlya-korpusa\Товары.json: Expecting value: line 2 column 1 (char 2)
2026-04-15 12:38:52,129 - app.routes.admin - INFO - Загружены локальные данные DNS: 99 товаров из 2 категорий
2026-04-15 12:38:52,412 - app.routes.admin - ERROR - Ошибка чтения категории Citilink ventilyatory-dlya-korpusa: Expecting value: line 2 column 1 (char 2)
2026-04-15 12:38:53,222 - app.routes.admin - ERROR - Ошибка чтения файла Citilink C:\Users\lime_\Desktop\DIP\new_pccon\app\utils\Citi_parser\data\ventilyatory-dlya-korpusa\Товары.json: Expecting value: line 2 column 1 (char 2)
2026-04-15 12:39:11,961 - app.routes.admin - ERROR - Ошибка чтения файла Citilink C:\Users\lime_\Desktop\DIP\new_pccon\app\utils\Citi_parser\data\ventilyatory-dlya-korpusa\Товары.json: Expecting value: line 2 column 1 (char 2)
2026-04-15 12:39:13,601 - app.routes.admin - ERROR - Ошибка чтения файла Citilink C:\Users\lime_\Desktop\DIP\new_pccon\app\utils\Citi_parser\data\ventilyatory-dlya-korpusa\Товары.json: Expecting value: line 2 column 1 (char 2)
2026-04-15 12:47:25,890 - app.routes.admin - INFO - Загружены локальные данные DNS: 99 товаров из 2 категорий
2026-04-15 12:47:26,211 - app.routes.admin - ERROR - Ошибка чтения категории Citilink ventilyatory-dlya-korpusa: Expecting value: line 2 column 1 (char 2)
2026-04-15 12:47:27,140 - app.routes.admin - ERROR - Ошибка чтения файла Citilink C:\Users\lime_\Desktop\DIP\new_pccon\app\utils\Citi_parser\data\ventilyatory-dlya-korpusa\Товары.json: Expecting value: line 2 column 1 (char 2)
2026-04-15 12:47:36,634 - app.routes.admin - INFO - Загружены локальные данные DNS: 99 товаров из 2 категорий
2026-04-15 12:47:36,925 - app.routes.admin - ERROR - Ошибка чтения категории Citilink ventilyatory-dlya-korpusa: Expecting value: line 2 column 1 (char 2)
2026-04-15 12:47:37,821 - app.routes.admin - ERROR - Ошибка чтения файла Citilink C:\Users\lime_\Desktop\DIP\new_pccon\app\utils\Citi_parser\data\ventilyatory-dlya-korpusa\Товары.json: Expecting value: line 2 column 1 (char 2)
2026-04-15 12:47:43,851 - app.routes.admin - ERROR - Ошибка чтения файла Citilink C:\Users\lime_\Desktop\DIP\new_pccon\app\utils\Citi_parser\data\ventilyatory-dlya-korpusa\Товары.json: Expecting value: line 2 column 1 (char 2)
2026-04-15 12:48:25,286 - app.routes.admin - INFO - Загружены локальные данные DNS: 99 товаров из 2 категорий
2026-04-15 12:48:25,618 - app.routes.admin - ERROR - Ошибка чтения категории Citilink ventilyatory-dlya-korpusa: Expecting value: line 2 column 1 (char 2)
2026-04-15 12:48:26,520 - app.routes.admin - ERROR - Ошибка чтения файла Citilink C:\Users\lime_\Desktop\DIP\new_pccon\app\utils\Citi_parser\data\ventilyatory-dlya-korpusa\Товары.json: Expecting value: line 2 column 1 (char 2)
2026-04-15 12:52:23,728 - app.routes.admin - INFO - Загружены локальные данные DNS: 99 товаров из 2 категорий
2026-04-15 12:52:24,021 - app.routes.admin - ERROR - Ошибка чтения категории Citilink ventilyatory-dlya-korpusa: Expecting value: line 2 column 1 (char 2)
2026-04-15 12:52:24,868 - app.routes.admin - ERROR - Ошибка чтения файла Citilink C:\Users\lime_\Desktop\DIP\new_pccon\app\utils\Citi_parser\data\ventilyatory-dlya-korpusa\Товары.json: Expecting value: line 2 column 1 (char 2)
